// Jest Snapshot v1, https://goo.gl/fbAQLP

exports[`Autocomplete tests test autocomplete matches snapshot 1`] = `
<GoogleAutoComplete
  apiKey="AIzaSyBpwrz2oV29sjAAKj2l6BIb6l5luzDIsIw"
  debounce={1000}
  language="en"
  minLength={3}
  queryTypes="establishment"
  radius="50000"
>
  <Component />
</GoogleAutoComplete>
`;
