// Jest Snapshot v1, https://goo.gl/fbAQLP

exports[`Bottom Bar tests test BottomBarBackground matches snapshot 1`] = `
<BottomBarBackground
  backgroundColor="w"
  onPress={[MockFunction]}
  textColor="b"
  title="test"
>
  <View
    style={
      Array [
        Object {
          "backgroundColor": "rgba(255,255,255,0)",
          "paddingVertical": 96,
        },
        Object {},
      ]
    }
  >
    <react-native-mock />
  </View>
</BottomBarBackground>
`;

exports[`Buttons tests test BottomBarBackground matches snapshot 1`] = `
<BottomBarBackground
  backgroundColor="w"
  onPress={[MockFunction]}
  textColor="b"
  title="test"
>
  <View
    style={
      Array [
        Object {
          "backgroundColor": "rgba(255,255,255,0)",
          "paddingVertical": 96,
        },
        Object {},
      ]
    }
  >
    <react-native-mock />
  </View>
</BottomBarBackground>
`;
